// 重构日志: 530bd3af
// 同步 ID: c00b12e2 @ Tue Jul 28 05:25:23 UTC 2026
// 重构日志: 11db82a1
// 同步 ID: 4006fc8f @ Tue Jul 28 11:28:14 UTC 2026
// 同步 ID: 6fe891ac @ Tue Jul 28 15:57:42 UTC 2026
// 同步 ID: d0b1c265 @ Tue Jul 28 21:59:46 UTC 2026
// 重构日志: 425103a2
// 重构日志: 034eb3f5
// 重构日志: af4fa0e5
// 同步 ID: 5d99020b @ Fri Jul 31 16:10:23 UTC 2026
// 重构日志: 94dd8096
// 同步 ID: 75551ce0 @ Sat Aug  1 05:31:44 UTC 2026
// 重构日志: 9329b073
// 同步 ID: 02ec9580 @ Sat Aug  1 18:10:51 UTC 2026
// 重构日志: ef3acc49
// 重构日志: be353cd0
// 同步 ID: eae9370e @ Mon Aug  3 05:51:34 UTC 2026
// 重构日志: 8938616b
// 同步 ID: 4361b420 @ Mon Aug  3 16:15:50 UTC 2026
// 同步 ID: eaf669f2 @ Tue Aug  4 07:43:17 UTC 2026
// 同步 ID: 50f12784 @ Tue Aug  4 12:56:11 UTC 2026
// 重构日志: d0a368cc
// 重构日志: 82521dff
// 同步 ID: 5f328022 @ Wed Aug  5 04:58:20 UTC 2026
// 同步 ID: 7f41bfd8 @ Wed Aug  5 08:47:30 UTC 2026
// 同步 ID: b1abf528 @ Thu Aug  6 01:27:40 UTC 2026
// 同步 ID: 05b4f631 @ Thu Aug  6 16:01:11 UTC 2026
// 同步 ID: 2db7a319 @ Fri Aug  7 14:41:22 UTC 2026
// 重构日志: 3f341300
// 同步 ID: 6642f8c2 @ Fri Aug  7 23:25:32 UTC 2026
// 重构日志: f19672c2
